// Jest Snapshot v1, https://goo.gl/fbAQLP

exports[`AlertCard should match snapshot 1`] = `
@keyframes animation-0 {
  0% {
    -webkit-transform: rotate(0);
    -moz-transform: rotate(0);
    -ms-transform: rotate(0);
    transform: rotate(0);
  }

  100% {
    -webkit-transform: rotate(360deg);
    -moz-transform: rotate(360deg);
    -ms-transform: rotate(360deg);
    transform: rotate(360deg);
  }
}

@keyframes animation-1 {
  0% {
    stroke-dashoffset: 600;
  }

  100% {
    stroke-dashoffset: 0;
  }
}

.panther-41 {
  background-color: #1d2a3f;
  border-radius: 4px;
  padding: 16px;
  overflow: hidden;
}



.panther-39 {
  display: -webkit-box;
  display: -webkit-flex;
  display: -ms-flexbox;
  display: flex;
  position: relative;
  height: 100%;
}

.panther-0 {
  display: -webkit-box;
  display: -webkit-flex;
  display: -ms-flexbox;
  display: flex;
  -webkit-align-items: start;
  -webkit-box-align: start;
  -ms-flex-align: start;
  align-items: start;
  padding-right: 8px;
}

.panther-38 {
  display: -webkit-box;
  display: -webkit-flex;
  display: -ms-flexbox;
  display: flex;
  -webkit-flex-direction: column;
  -ms-flex-direction: column;
  flex-direction: column;
  -webkit-box-pack: justify;
  -webkit-justify-content: space-between;
  justify-content: space-between;
  width: 100%;
}

.panther-4 {
  display: -webkit-box;
  display: -webkit-flex;
  display: -ms-flexbox;
  display: flex;
  -webkit-align-items: flex-start;
  -webkit-box-align: flex-start;
  -ms-flex-align: flex-start;
  align-items: flex-start;
  margin-bottom: 8px;
}

.panther-2 {
  font-weight: 500;
  margin-right: auto;
  max-width: 70%;
  word-break: break-word;
}

.panther-1 {
  -webkit-transition: color 0.1s ease-out;
  transition: color 0.1s ease-out;
  font-weight: 500;
  -webkit-text-decoration: none;
  text-decoration: none;
  color: #7fd3ff;
}

.panther-1:hover {
  color: #ace2ff;
}

.panther-1:focus {
  color: #ace2ff;
}

.panther-1:active,
.panther-1[data-active=true] {
  color: #11a5f3;
}

.panther-3 {
  font-size: 0.75rem;
  color: #716f6f;
}

.panther-5 {
  font-size: 0.75rem;
  color: #d64242;
}

.panther-37 {
  display: -webkit-box;
  display: -webkit-flex;
  display: -ms-flexbox;
  display: flex;
  -webkit-box-flex-wrap: wrap;
  -webkit-flex-wrap: wrap;
  -ms-flex-wrap: wrap;
  flex-wrap: wrap;
}

.panther-37>*:not(:last-child) {
  margin-right: 32px;
}

.panther-12 {
  margin-top: 8px;
  margin-bottom: 8px;
}

.panther-6 {
  color: #bdbdbd;
  font-size: 0.563rem;
  font-weight: 500;
}

.panther-11 {
  font-size: 0.875rem;
  font-weight: 500;
  opacity: 1;
  display: -webkit-inline-box;
  display: -webkit-inline-flex;
  display: -ms-inline-flexbox;
  display: inline-flex;
  -webkit-align-items: center;
  -webkit-box-align: center;
  -ms-flex-align: center;
  align-items: center;
  min-height: 24px;
}

.panther-10 {
  display: -webkit-box;
  display: -webkit-flex;
  display: -ms-flexbox;
  display: flex;
}

.panther-10>*:not(:last-child) {
  margin-right: 8px;
}

.panther-7 {
  display: -webkit-inline-box;
  display: -webkit-inline-flex;
  display: -ms-inline-flexbox;
  display: inline-flex;
  -webkit-align-items: center;
  -webkit-box-align: center;
  -ms-flex-align: center;
  align-items: center;
}

.panther-9 {
  display: -webkit-box;
  display: -webkit-flex;
  display: -ms-flexbox;
  display: flex;
  -webkit-box-pack: center;
  -ms-flex-pack: center;
  -webkit-justify-content: center;
  justify-content: center;
  -webkit-align-items: center;
  -webkit-box-align: center;
  -ms-flex-align: center;
  align-items: center;
  width: 24px;
  height: 24px;
  background-color: #4f627c;
  border-color: #4f627c;
  border-radius: 99999px;
}

.panther-9:hover {
  background-color: #11a5f3;
  border-color: #11a5f3;
}

.panther-8 {
  display: inline-block;
  vertical-align: sub;
  -webkit-flex-shrink: 0;
  -ms-flex-negative: 0;
  flex-shrink: 0;
  width: 12px;
  height: 12px;
  color: currentColor;
}

.panther-16 {
  height: 18px;
}

.panther-15 {
  display: inline-block;
  vertical-align: sub;
  -webkit-animation: animation-0 2s linear infinite;
  animation: animation-0 2s linear infinite;
  width: 18px;
  height: 18px;
}

.panther-14 {
  stroke-dashoffset: 600;
  stroke-dasharray: 300;
  stroke-width: 13;
  stroke-miterlimit: 10;
  stroke-linecap: round;
  -webkit-animation: animation-1 1.6s cubic-bezier(0.4, 0.15, 0.6, 0.85) infinite;
  animation: animation-1 1.6s cubic-bezier(0.4, 0.15, 0.6, 0.85) infinite;
  stroke: currentColor;
  fill: transparent;
}

.panther-23 {
  display: -webkit-box;
  display: -webkit-flex;
  display: -ms-flexbox;
  display: flex;
  -webkit-align-items: center;
  -webkit-box-align: center;
  -ms-flex-align: center;
  align-items: center;
  -webkit-box-flex-wrap: wrap;
  -webkit-flex-wrap: wrap;
  -ms-flex-wrap: wrap;
  flex-wrap: wrap;
}

.panther-23>*:not(:last-child) {
  margin-right: 8px;
}

.panther-22 {
  display: -webkit-box;
  display: -webkit-flex;
  display: -ms-flexbox;
  display: flex;
  -webkit-align-items: center;
  -webkit-box-align: center;
  -ms-flex-align: center;
  align-items: center;
}

.panther-22>*:not(:last-child) {
  margin-right: 8px;
}

.panther-20 {
  width: 12px;
  height: 12px;
  background-color: hsl(353, 43%, 63%);
  border-radius: 99999px;
}

.panther-21 {
  font-size: 0.75rem;
  font-weight: 400;
  line-height: 1.5;
}

.panther-36 {
  display: -webkit-box;
  display: -webkit-flex;
  display: -ms-flexbox;
  display: flex;
  -webkit-align-items: flex-end;
  -webkit-box-align: flex-end;
  -ms-flex-align: flex-end;
  align-items: flex-end;
  margin-left: auto;
  margin-right: 0;
}

.panther-36>*:not(:last-child) {
  margin-right: 8px;
}

.panther-29 {
  display: -webkit-box;
  display: -webkit-flex;
  display: -ms-flexbox;
  display: flex;
  cursor: default;
  width: -webkit-fit-content;
  width: -moz-content;
  width: fit-content;
  min-width: 85px;
  text-align: center;
  font-weight: 700;
  border-radius: 40px;
  -webkit-align-items: center;
  -webkit-box-align: center;
  -ms-flex-align: center;
  align-items: center;
  -webkit-box-pack: center;
  -ms-flex-pack: center;
  -webkit-justify-content: center;
  justify-content: center;
  font-size: 0.75rem;
  padding-top: 4px;
  padding-bottom: 4px;
  padding-left: 16px;
  padding-right: 16px;
  border: 1px solid;
  border-color: #ffa500;
  background-color: transparent;
}

.panther-35 {
  display: -webkit-box;
  display: -webkit-flex;
  display: -ms-flexbox;
  display: flex;
  -webkit-box-pack: center;
  -ms-flex-pack: center;
  -webkit-justify-content: center;
  justify-content: center;
  -webkit-align-items: center;
  -webkit-box-align: center;
  -ms-flex-align: center;
  align-items: center;
}

.panther-35>*:not(:last-child) {
  margin-right: 4px;
}

.panther-31 {
  display: -webkit-box;
  display: -webkit-flex;
  display: -ms-flexbox;
  display: flex;
  width: 85px;
}

.panther-30 {
  display: -webkit-box;
  display: -webkit-flex;
  display: -ms-flexbox;
  display: flex;
  cursor: default;
  width: -webkit-fit-content;
  width: -moz-content;
  width: fit-content;
  min-width: 85px;
  text-align: center;
  font-weight: 700;
  border-radius: 40px;
  -webkit-align-items: center;
  -webkit-box-align: center;
  -ms-flex-align: center;
  align-items: center;
  -webkit-box-pack: center;
  -ms-flex-pack: center;
  -webkit-justify-content: center;
  justify-content: center;
  font-size: 0.75rem;
  padding-top: 4px;
  padding-bottom: 4px;
  padding-left: 16px;
  padding-right: 16px;
  background-color: #6e3078;
}

.panther-34 {
  display: -webkit-inline-box;
  display: -webkit-inline-flex;
  display: -ms-inline-flexbox;
  display: inline-flex;
}

.panther-33 {
  outline: none;
  line-height: 1;
  height: 24px;
  width: 24px;
  -webkit-transition: border-color 200ms cubic-bezier(0.0, 0, 0.2, 1) 0ms,background-color 200ms cubic-bezier(0.0, 0, 0.2, 1) 0ms;
  transition: border-color 200ms cubic-bezier(0.0, 0, 0.2, 1) 0ms,background-color 200ms cubic-bezier(0.0, 0, 0.2, 1) 0ms;
  border-radius: 99999px;
  border: 1px solid;
  border-color: #3e516b;
  background-color: transparent;
  cursor: pointer;
  color: #f6f6f6;
  -webkit-text-decoration: none;
  text-decoration: none;
}

.panther-33:hover {
  background-color: #465973;
  border-color: #465973;
}

.panther-33:focus {
  background-color: #465973;
  border-color: #93a6c0;
}

.panther-33:active,
.panther-33[data-active=true] {
  background-color: #253852;
  border-color: #253852;
}

.panther-32 {
  display: inline-block;
  vertical-align: sub;
  -webkit-flex-shrink: 0;
  -ms-flex-negative: 0;
  flex-shrink: 0;
  width: 16px;
  height: 16px;
  color: currentColor;
}

<div>
  <header
    id="main-header"
  />
  <section
    class="panther-41"
  >
    <div
      class="panther-40"
    >
      <div
        class="panther-39"
      >
        <div
          class="panther-0"
        />
        <div
          class="panther-38"
        >
          <header
            class="panther-4"
          >
            <h4
              class="panther-2"
            >
              <a
                aria-label="Link to Alert"
                class="panther-1"
                href="/log-analysis/alerts/f67b8f04-5fac-404a-93a4-38db29f258ba/"
              >
                indexing
              </a>
            </h4>
            <span
              aria-label="Creation time for f67b8f04-5fac-404a-93a4-38db29f258ba"
              class="panther-3"
            >
              2020-08-08 12:15 GMT
            </span>
          </header>
          <span
            class="panther-5"
          >
            Rule Match
          </span>
          <div
            class="panther-37"
          >
            <dl
              class="panther-12"
            >
              <dt
                aria-labelledby="ruleobject-object"
                class="panther-6"
              >
                Rule
              </dt>
              <dd
                aria-labelledby="ruleobject-object"
                class="panther-11"
              >
                <div
                  class="panther-10"
                >
                  <span
                    class="panther-7"
                  >
                    6eb9c948-5a13-4955-bd91-b98801b55bed
                  </span>
                  <a
                    aria-label="Link to rule 6eb9c948-5a13-4955-bd91-b98801b55bed"
                    href="/log-analysis/rules/6eb9c948-5a13-4955-bd91-b98801b55bed/"
                  >
                    <div
                      class="panther-9"
                    >
                      <svg
                        class="panther-8"
                        role="presentation"
                        viewBox="0 0 24 24"
                      >
                        <path
                          d="M12 4L10.59 5.41L16.17 11H4V13H16.17L10.59 18.59L12 20L20 12L12 4Z"
                        />
                      </svg>
                    </div>
                  </a>
                </div>
              </dd>
            </dl>
            <dl
              class="panther-12"
            >
              <dt
                aria-labelledby="destinationsobject-object"
                class="panther-6"
              >
                Destinations
              </dt>
              <dd
                aria-labelledby="destinationsobject-object"
                class="panther-11"
              >
                <div
                  class="panther-16"
                >
                  <svg
                    aria-label="Loading..."
                    class="panther-15"
                    viewBox="0 0 150 150"
                  >
                    <circle
                      class="panther-14"
                      color="current"
                      cx="75"
                      cy="75"
                      r="60"
                    />
                  </svg>
                </div>
              </dd>
            </dl>
            <dl
              class="panther-12"
            >
              <dt
                aria-labelledby="log-typesobject-object"
                class="panther-6"
              >
                Log Types
              </dt>
              <dd
                aria-labelledby="log-typesobject-object"
                class="panther-11"
              >
                <div
                  class="panther-23"
                >
                  <div
                    class="panther-22"
                  >
                    <span
                      class="panther-20"
                    />
                    <span
                      class="panther-21"
                    >
                      Costa Rica
                    </span>
                  </div>
                </div>
              </dd>
            </dl>
            <dl
              class="panther-12"
            >
              <dt
                aria-labelledby="events670"
                class="panther-6"
              >
                Events
              </dt>
              <dd
                aria-labelledby="events670"
                class="panther-11"
              >
                670
              </dd>
            </dl>
            <div
              class="panther-36"
            >
              <div
                aria-atomic="true"
                class="panther-29"
                role="status"
              >
                MEDIUM
              </div>
              <div
                class="panther-35"
              >
                <div
                  class="panther-31"
                >
                  <div
                    aria-atomic="true"
                    class="panther-30"
                    role="status"
                  >
                    TRIAGED
                  </div>
                </div>
                <div
                  aria-controls="menu--1"
                  aria-haspopup="true"
                  class="panther-34"
                  data-reach-menu-button=""
                  id="menu-button--menu--1"
                  type="button"
                >
                  <button
                    aria-label="Change Alert Status"
                    aria-pressed="false"
                    class="panther-33"
                    type="button"
                  >
                    <svg
                      class="panther-32"
                      role="presentation"
                      viewBox="0 0 24 24"
                    >
                      <path
                        d="M7 10L12 15L17 10H7Z"
                      />
                    </svg>
                  </button>
                </div>
              </div>
            </div>
          </div>
        </div>
      </div>
    </div>
  </section>
  <footer
    id="footer"
  />
</div>
`;
